[debug] compute => 120 @ test/test_values_first.ml:10:23-12:15
  a = 3
  b = 2
  [debug] sum => 5 @ test/test_values_first.ml:11:6-11:9
    [debug] add => 5 @ test/test_values_first.ml:8:19-8:52
      x = 3
      y = 2
  [debug] factorial => 120 @ test/test_values_first.ml:7:29-7:90
    n = 5
    [debug] factorial => 24 @ test/test_values_first.ml:7:29-7:90
      n = 4
      [debug] factorial => 6 @ test/test_values_first.ml:7:29-7:90
        n = 3
        [debug] factorial => 2 @ test/test_values_first.ml:7:29-7:90
          n = 2
          [debug] factorial => 1 @ test/test_values_first.ml:7:29-7:90
            n = 1
